// Jest Snapshot v1, https://goo.gl/fbAQLP

exports[`<Message /> Should render and match the snapshot 1`] = `
<li>
  <span />
</li>
`;
