// Jest Snapshot v1, https://goo.gl/fbAQLP

exports[`<ShowPassword /> Should render and match the snapshot 1`] = `
<div
  class="showPasswordContainer"
>
  <input
    class="checkbox"
    type="checkbox"
  />
  <span
    class="checkboxTitle"
  >
    Show
  </span>
</div>
`;
